train_loss,test1_loss,test2_loss,train_micro,train_macro,test1_micro,test1_macro,test2_micro,test2_macro
 0.6281257868,  0.8970639110,  0.7978032827,  0.54103762,  0.54175597,  0.53846496,  0.53912157,  0.50617862,  0.50813073
 0.3716546893,  0.3702974021,  0.4562953711,  0.81499517,  0.81461674,  0.81218499,  0.81200415,  0.75173831,  0.75369167
 0.0692200437,  0.0352429487,  0.1812550724,  0.99524629,  0.99540460,  0.99465030,  0.99493366,  0.92542422,  0.92693502
 0.0765422955,  0.0087854490,  0.0660188720,  0.99987561,  0.99987149,  0.99991155,  0.99990559,  0.98454446,  0.98508596
 0.0149230752,  0.0406234227,  0.1101875603,  0.98485023,  0.98480880,  0.98487931,  0.98473769,  0.94956225,  0.95119512
 0.0088865701,  0.0060645407,  0.0517605469,  0.99997777,  0.99997675,  0.99995577,  0.99995559,  0.98544514,  0.98598188
 0.0400315262,  0.0052764025,  0.0691235140,  0.99998665,  0.99998760,  1.00000000,  1.00000000,  0.97179091,  0.97278059
 0.0098453099,  0.0054568988,  0.0521436408,  0.99997777,  0.99997967,  1.00000000,  1.00000000,  0.98630977,  0.98667860
 0.0212316178,  0.0059959227,  0.0731808990,  0.99989337,  0.99989349,  0.99995577,  0.99995559,  0.97442085,  0.97501689
 0.0085511077,  0.0053147096,  0.0511231087,  0.99995559,  0.99995917,  0.99995577,  0.99995559,  0.98580539,  0.98616934
 0.0118954964,  0.0051565715,  0.0527109243,  0.99996889,  0.99997139,  0.99995577,  0.99995559,  0.98504883,  0.98548663
 0.0111053279,  0.0051641609,  0.0494489558,  0.99997336,  0.99997538,  0.99995577,  0.99995559,  0.98652589,  0.98688877
 0.0070643188,  0.0056418101,  0.0566993989,  0.99993336,  0.99993527,  0.99995577,  0.99995559,  0.98259896,  0.98294860
 0.0154551957,  0.0054822764,  0.0641804785,  0.99990672,  0.99990940,  0.99995577,  0.99995559,  0.97953671,  0.97998786
 0.0079545695,  0.0055764308,  0.0598301180,  0.99992001,  0.99992043,  0.99995577,  0.99995559,  0.98101377,  0.98142701
 0.0261898972,  0.0050983354,  0.0441421419,  0.99998665,  0.99998701,  1.00000000,  1.00000000,  0.98836327,  0.98873621
 0.0091030579,  0.0056560724,  0.0622267686,  0.99991560,  0.99991536,  0.99991155,  0.99990559,  0.97978890,  0.98023671
 0.0069978177,  0.0054455088,  0.0559170991,  0.99994671,  0.99994844,  0.99995577,  0.99995559,  0.98331952,  0.98368764
 0.0073874192,  0.0055256537,  0.0572443306,  0.99993777,  0.99994016,  0.99995577,  0.99995559,  0.98267102,  0.98305351
 0.0128179016,  0.0054386109,  0.0564840995,  0.99994671,  0.99994832,  0.99995577,  0.99995559,  0.98292321,  0.98329592
 0.0066703879,  0.0055108191,  0.0643991157,  0.99992448,  0.99992746,  0.99995577,  0.99995559,  0.97968078,  0.98013937
 0.0257535279,  0.0051031476,  0.0479587279,  0.99998665,  0.99998701,  1.00000000,  1.00000000,  0.98580539,  0.98626858
 0.0079991342,  0.0050380551,  0.0512103066,  0.99998224,  0.99998391,  1.00000000,  1.00000000,  0.98616564,  0.98659450
 0.0194782577,  0.0059224544,  0.0748470426,  0.99983561,  0.99983495,  0.99986738,  0.99986559,  0.97384441,  0.97443855
 0.0390920341,  0.0051014898,  0.0492847301,  0.99998665,  0.99998790,  1.00000000,  1.00000000,  0.98602152,  0.98648000
 0.0412072539,  0.0052090543,  0.0472947992,  0.99998665,  0.99998790,  1.00000000,  1.00000000,  0.98771483,  0.98809791
 0.0104347719,  0.0057545882,  0.0626926348,  0.99989784,  0.99989903,  0.99995577,  0.99995559,  0.97989696,  0.98032498
 0.0205918290,  0.0050625643,  0.0482405685,  0.99998665,  0.99998701,  1.00000000,  1.00000000,  0.98627371,  0.98673546
 0.0072447313,  0.0053970292,  0.0458711125,  0.99997336,  0.99997538,  0.99995577,  0.99995559,  0.98782289,  0.98815668
 0.0090580229,  0.0056742025,  0.0542663634,  0.99992001,  0.99992120,  0.99991155,  0.99990559,  0.98364377,  0.98397404
 0.0313321054,  0.0051942230,  0.0469391160,  0.99998224,  0.99998391,  1.00000000,  1.00000000,  0.98775083,  0.98812371
 0.0077838823,  0.0051462753,  0.0470808521,  0.99998224,  0.99998391,  1.00000000,  1.00000000,  0.98749864,  0.98789328
 0.0102900201,  0.0056726360,  0.0641955808,  0.99990225,  0.99990439,  0.99995577,  0.99995559,  0.97928452,  0.97972614
 0.0198774021,  0.0055756229,  0.0635766834,  0.99989784,  0.99990046,  0.99995577,  0.99995559,  0.97953671,  0.97997248
 0.0253382735,  0.0050773523,  0.0501403809,  0.99998224,  0.99998391,  1.00000000,  1.00000000,  0.98594952,  0.98638195
 0.0103789009,  0.0052516698,  0.0500103198,  0.99997777,  0.99997979,  0.99995577,  0.99995559,  0.98638183,  0.98673230
 0.0264425389,  0.0051649725,  0.0443886928,  0.99999112,  0.99999201,  1.00000000,  1.00000000,  0.98847139,  0.98883432
 0.0071177138,  0.0052637882,  0.0489932150,  0.99997777,  0.99997979,  0.99995577,  0.99995559,  0.98677808,  0.98713380
 0.0117572844,  0.0053132786,  0.0480078161,  0.99996448,  0.99996716,  0.99995577,  0.99995559,  0.98674208,  0.98709172
 0.0122901751,  0.0056880852,  0.0580744743,  0.99990225,  0.99990451,  0.99995577,  0.99995559,  0.98191446,  0.98227715
 0.0063296347,  0.0053440230,  0.0524978526,  0.99995559,  0.99995732,  0.99995577,  0.99995559,  0.98486871,  0.98521459
 0.0148118483,  0.0061047231,  0.0694347396,  0.99983561,  0.99983585,  0.99986738,  0.99986559,  0.97723097,  0.97770059
 0.0273939557,  0.0050891154,  0.0452336334,  0.99998224,  0.99998379,  1.00000000,  1.00000000,  0.98735452,  0.98777884
 0.0078661656,  0.0052288235,  0.0558037274,  0.99996001,  0.99996328,  0.99995577,  0.99995559,  0.98378789,  0.98420614
 0.0390146673,  0.0050882427,  0.0448992886,  0.99998665,  0.99998701,  1.00000000,  1.00000000,  0.98775083,  0.98815548
 0.0166521724,  0.0058246376,  0.0664098486,  0.99988449,  0.99988645,  0.99991155,  0.99990559,  0.97809559,  0.97854370
 0.0072090863,  0.0054838429,  0.0542342439,  0.99994671,  0.99994832,  0.99995577,  0.99995559,  0.98450840,  0.98486078
 0.0118619483,  0.0055827191,  0.0684675425,  0.99990225,  0.99990529,  0.99995577,  0.99995559,  0.97766328,  0.97815555
 0.0090748575,  0.0057500321,  0.0667800680,  0.99989784,  0.99989963,  0.99995577,  0.99995559,  0.97845590,  0.97892016
 0.0068734586,  0.0052172653,  0.0496463366,  0.99997336,  0.99997526,  0.99995577,  0.99995559,  0.98620170,  0.98656923
 0.0102191465,  0.0052479836,  0.0487035140,  0.99996448,  0.99996728,  0.99995577,  0.99995559,  0.98656195,  0.98689842
 0.0296437796,  0.0051821973,  0.0485006645,  0.99998224,  0.99998391,  0.99995577,  0.99995559,  0.98753470,  0.98789746
 0.0219477545,  0.0060758241,  0.0809273496,  0.99980009,  0.99980110,  0.99982315,  0.99982554,  0.97204310,  0.97264874
 0.0076900600,  0.0056682401,  0.0621767119,  0.99989784,  0.99989873,  0.99995577,  0.99995559,  0.98004109,  0.98047322
 0.0079944832,  0.0056649945,  0.0614060722,  0.99989784,  0.99989939,  0.99995577,  0.99995559,  0.98058146,  0.98099935
 0.0080968319,  0.0057573365,  0.0563623048,  0.99992001,  0.99992126,  0.99991155,  0.99990559,  0.98241884,  0.98276699
 0.0408149995,  0.0067931213,  0.0734291151,  0.99973345,  0.99973154,  0.99977893,  0.99978393,  0.97560978,  0.97606742
 0.0078951586,  0.0051821093,  0.0479351655,  0.99997777,  0.99997938,  0.99995577,  0.99995559,  0.98670608,  0.98705614
 0.0071833013,  0.0055832206,  0.0546914563,  0.99993336,  0.99993515,  0.99995577,  0.99995559,  0.98357171,  0.98393440
 0.0076513202,  0.0050968630,  0.0454943925,  0.99999112,  0.99999201,  1.00000000,  1.00000000,  0.98782289,  0.98822385
 0.0070658205,  0.0052382266,  0.0467119366,  0.99998224,  0.99998391,  0.99995577,  0.99995559,  0.98778689,  0.98812872
 0.0414869599,  0.0060719894,  0.0721203983,  0.99982673,  0.99982500,  0.99986738,  0.99986559,  0.97553772,  0.97608924
 0.0082612056,  0.0054491451,  0.0590844937,  0.99993777,  0.99994004,  0.99995577,  0.99995559,  0.98137408,  0.98178715
 0.0527069159,  0.0068116426,  0.0961824805,  0.99963570,  0.99963474,  0.99951369,  0.99954146,  0.96588248,  0.96656930
 0.0066837063,  0.0053272326,  0.0473387465,  0.99997336,  0.99997526,  0.99995577,  0.99995559,  0.98706633,  0.98741478
 0.0105651841,  0.0050406787,  0.0552523658,  0.99996001,  0.99996328,  0.99995577,  0.99995559,  0.98418415,  0.98459464
 0.0066425549,  0.0057191113,  0.0632171780,  0.99990672,  0.99990940,  0.99995577,  0.99995559,  0.97932053,  0.97978055
 0.0070942976,  0.0053647435,  0.0560271516,  0.99995559,  0.99995929,  0.99995577,  0.99995559,  0.98364377,  0.98402810
 0.0075817197,  0.0050668349,  0.0474844947,  0.99998665,  0.99998790,  1.00000000,  1.00000000,  0.98695827,  0.98737979
 0.0504228473,  0.0064530652,  0.0933035165,  0.99972898,  0.99972785,  0.99969053,  0.99970227,  0.96703535,  0.96774298
 0.0091289561,  0.0053286175,  0.0594538227,  0.99994671,  0.99994922,  0.99995577,  0.99995559,  0.98187846,  0.98229581
 0.0123988260,  0.0051919576,  0.0521656610,  0.99996448,  0.99996740,  0.99995577,  0.99995559,  0.98548114,  0.98586065
 0.0072616464,  0.0053634606,  0.0504314825,  0.99995559,  0.99995732,  0.99995577,  0.99995559,  0.98544514,  0.98577058
 0.0145246964,  0.0050115744,  0.0453731790,  0.99999112,  0.99999201,  1.00000000,  1.00000000,  0.98731852,  0.98774564
 0.0072387876,  0.0050604423,  0.0484169908,  0.99998224,  0.99998391,  1.00000000,  1.00000000,  0.98699427,  0.98740274
 0.0135921864,  0.0050971499,  0.0430924445,  0.99998665,  0.99998701,  1.00000000,  1.00000000,  0.98821920,  0.98862273
 0.0325827152,  0.0053521190,  0.0605257079,  0.99992889,  0.99993175,  0.99995577,  0.99995559,  0.98104984,  0.98146892
 0.0090045910,  0.0050417683,  0.0518707931,  0.99998224,  0.99998391,  0.99995577,  0.99995559,  0.98591346,  0.98632401
 0.0112128938,  0.0058626616,  0.0652258769,  0.99988008,  0.99988145,  0.99991155,  0.99990559,  0.97852796,  0.97897923
 0.0070930361,  0.0054716701,  0.0651583895,  0.99991113,  0.99991345,  0.99995577,  0.99995559,  0.97932053,  0.97980219
 0.0088159163,  0.0052133715,  0.0453788750,  0.99998665,  0.99998790,  1.00000000,  1.00000000,  0.98832726,  0.98867458
 0.0069633499,  0.0052265837,  0.0511255302,  0.99997336,  0.99997538,  0.99995577,  0.99995559,  0.98562527,  0.98603034
 0.0138806049,  0.0052088215,  0.0535352789,  0.99996001,  0.99996340,  0.99995577,  0.99995559,  0.98465252,  0.98502958
 0.0095016044,  0.0059862570,  0.0663146675,  0.99985784,  0.99985808,  0.99991155,  0.99990559,  0.97813165,  0.97859186
 0.0077664033,  0.0054263151,  0.0534800403,  0.99995112,  0.99995422,  0.99995577,  0.99995559,  0.98465252,  0.98500752
 0.0412692614,  0.0060357181,  0.0780801252,  0.99980897,  0.99980801,  0.99986738,  0.99986559,  0.97319597,  0.97381431
 0.0140225906,  0.0050917272,  0.0481493957,  0.99998224,  0.99998391,  1.00000000,  1.00000000,  0.98706633,  0.98746341
 0.0066547366,  0.0052305758,  0.0508473888,  0.99997777,  0.99997979,  0.99995577,  0.99995559,  0.98580539,  0.98618108
 0.0376282260,  0.0051167700,  0.0473892353,  0.99998665,  0.99998701,  1.00000000,  1.00000000,  0.98609358,  0.98655796
 0.0115474584,  0.0050282488,  0.0446326472,  0.99998665,  0.99998701,  1.00000000,  1.00000000,  0.98771483,  0.98812926
 0.0114817303,  0.0052899490,  0.0539649650,  0.99995559,  0.99995828,  0.99995577,  0.99995559,  0.98407608,  0.98445201
 0.0228967760,  0.0060333121,  0.0661014915,  0.99983561,  0.99983835,  0.99986738,  0.99986559,  0.97856396,  0.97897911
 0.0089716241,  0.0051913871,  0.0476495959,  0.99998224,  0.99998391,  0.99995577,  0.99995559,  0.98706633,  0.98744118
 0.0226830989,  0.0056358571,  0.0655254424,  0.99990672,  0.99991035,  0.99995577,  0.99995559,  0.97881615,  0.97926831
 0.0077074608,  0.0060388697,  0.0691162348,  0.99985337,  0.99985576,  0.99986738,  0.99986559,  0.97705084,  0.97751588
 0.0095481183,  0.0051914714,  0.0454595201,  0.99997777,  0.99997967,  0.99995577,  0.99995559,  0.98836327,  0.98871380
 0.0329038762,  0.0067062681,  0.0895294845,  0.99970233,  0.99970466,  0.99964631,  0.99966311,  0.96811616,  0.96878672
 0.0204696711,  0.0051791058,  0.0453684106,  0.99997777,  0.99997979,  0.99995577,  0.99995559,  0.98789495,  0.98824596
 0.0072410526,  0.0053523756,  0.0499711893,  0.99996448,  0.99996740,  0.99995577,  0.99995559,  0.98623770,  0.98658705
 0.0241861176,  0.0050228736,  0.0445134155,  0.99998665,  0.99998701,  1.00000000,  1.00000000,  0.98771483,  0.98812819
