train_loss,test1_loss,test2_loss,train_micro,train_macro,test1_micro,test1_macro,test2_micro,test2_macro
 0.4952423573,  0.3529945612,  0.5205872655,  0.83769757,  0.83085471,  0.84039259,  0.83388585,  0.74244332,  0.74799633
 0.2434243262,  0.3148627877,  1.5471471548,  0.86845469,  0.87602860,  0.85595542,  0.86412233,  0.53939545,  0.54450887
 0.1724312752,  0.1829105765,  1.2088935375,  0.92800528,  0.93262190,  0.91794145,  0.92311704,  0.62103254,  0.62591434
 0.1252403706,  0.1193245128,  0.6175706983,  0.98039418,  0.98054880,  0.97488725,  0.97538173,  0.76265448,  0.76775134
 0.1008909196,  0.0922454372,  0.6955856681,  0.98943961,  0.99022257,  0.98434877,  0.98556846,  0.74399251,  0.74858695
 0.0855764225,  0.0906912833,  0.8055942059,  0.98541445,  0.98669070,  0.98036963,  0.98200065,  0.71841335,  0.72249115
 0.0796621293,  0.0809906274,  0.6957458854,  0.99388677,  0.99431580,  0.99062693,  0.99132353,  0.74410057,  0.74845892
 0.0767128840,  0.0771239921,  0.6943387985,  0.99354911,  0.99409121,  0.98991954,  0.99078417,  0.74694669,  0.75133991
 0.0748782307,  0.0773217231,  0.7105166912,  0.99210525,  0.99278206,  0.98788577,  0.98892206,  0.74597400,  0.75036228
 0.0730449706,  0.0739211142,  0.6830493808,  0.99443322,  0.99489206,  0.99124593,  0.99200326,  0.75206256,  0.75656050
 0.0731507689,  0.0772527531,  0.7142435908,  0.99131888,  0.99207717,  0.98700148,  0.98812884,  0.74593794,  0.75034440
 0.0725523159,  0.0760855973,  0.7168347836,  0.99324703,  0.99384016,  0.98943317,  0.99035090,  0.74323595,  0.74744129
 0.0772536322,  0.0769253969,  0.6920747757,  0.99145663,  0.99213487,  0.98726678,  0.98834473,  0.75613362,  0.76072305
 0.0732411891,  0.0751057118,  0.7128598690,  0.99322039,  0.99381369,  0.98938900,  0.99031681,  0.74460495,  0.74888283
 0.0723967850,  0.0743723586,  0.7105059028,  0.99355799,  0.99410731,  0.98974270,  0.99058247,  0.74557769,  0.74984318
 0.0736156777,  0.0728881285,  0.6824447513,  0.99423331,  0.99470448,  0.99102485,  0.99179906,  0.75382787,  0.75837034
 0.0730953589,  0.0758726820,  0.7176597714,  0.99284720,  0.99348778,  0.98890263,  0.98987186,  0.74201101,  0.74626309
 0.0730008557,  0.0752871558,  0.6980711222,  0.99264723,  0.99328351,  0.98863739,  0.98962033,  0.74982888,  0.75432241
 0.0726820379,  0.0747342631,  0.7094816566,  0.99339807,  0.99396592,  0.98956585,  0.99045259,  0.74626219,  0.75053978
 0.0739955306,  0.0756427348,  0.7295961976,  0.99309599,  0.99368691,  0.98921216,  0.99011099,  0.73876858,  0.74294639
 0.0711841136,  0.0761510655,  0.7074064612,  0.99251842,  0.99318308,  0.98828369,  0.98930615,  0.74593794,  0.75028771
 0.0729393512,  0.0759189501,  0.7170424461,  0.99266946,  0.99332255,  0.98877001,  0.98974937,  0.74384838,  0.74808365
 0.0723510832,  0.0765659213,  0.7044972777,  0.99208748,  0.99277884,  0.98797417,  0.98902291,  0.74759519,  0.75201416
 0.0742274672,  0.0753273219,  0.7334638238,  0.99313593,  0.99373037,  0.98921216,  0.99011183,  0.73966926,  0.74380809
 0.0749232173,  0.0737028718,  0.7214503288,  0.99416220,  0.99466026,  0.99071538,  0.99148154,  0.74226320,  0.74644053
 0.0725552589,  0.0746505931,  0.7237505913,  0.99338478,  0.99397469,  0.98956585,  0.99048173,  0.74312788,  0.74731296
 0.0718468279,  0.0753329769,  0.7085872293,  0.99274498,  0.99337763,  0.98885840,  0.98983026,  0.74673057,  0.75108957
 0.0732961819,  0.0740645379,  0.7134308219,  0.99407339,  0.99458838,  0.99058270,  0.99139738,  0.74456894,  0.74877369
 0.0732811242,  0.0755775124,  0.6905113459,  0.99289161,  0.99348623,  0.98912370,  0.99007273,  0.75224268,  0.75677806
 0.0734432116,  0.0749282539,  0.7152872086,  0.99412668,  0.99464393,  0.99062693,  0.99143994,  0.74269551,  0.74686891
 0.0720839128,  0.0770276338,  0.7061797380,  0.99156320,  0.99231648,  0.98717833,  0.98828965,  0.74608207,  0.75051200
 0.0729857087,  0.0740643963,  0.7051402330,  0.99425554,  0.99474925,  0.99098063,  0.99176073,  0.74647838,  0.75071985
 0.0751148462,  0.0735485852,  0.7236075401,  0.99468648,  0.99512362,  0.99146700,  0.99216807,  0.74121845,  0.74534941
 0.0722780600,  0.0743239000,  0.6968184710,  0.99380237,  0.99434084,  0.99018478,  0.99104416,  0.74817163,  0.75254291
 0.0732105672,  0.0747289285,  0.7005658746,  0.99336696,  0.99394226,  0.98961002,  0.99052012,  0.74827969,  0.75265735
 0.0722227767,  0.0746323019,  0.6975905299,  0.99318480,  0.99377346,  0.98938900,  0.99030852,  0.75008106,  0.75449270
 0.0737813264,  0.0763820335,  0.7033975720,  0.99319369,  0.99376386,  0.98956585,  0.99046171,  0.74799150,  0.75229907
 0.0723337978,  0.0753091648,  0.7096629143,  0.99320704,  0.99379694,  0.98965424,  0.99056172,  0.74586588,  0.75015855
 0.0727358311,  0.0741016716,  0.6889798045,  0.99417114,  0.99462718,  0.99093640,  0.99169230,  0.75227869,  0.75670862
 0.0738721490,  0.0767747536,  0.7087813616,  0.99240291,  0.99308318,  0.98828369,  0.98931623,  0.74413663,  0.74849975
 0.0731407180,  0.0752275959,  0.7026147246,  0.99318928,  0.99377626,  0.98952162,  0.99043936,  0.74734300,  0.75171441
 0.0740769655,  0.0734779164,  0.7146987915,  0.99417114,  0.99465579,  0.99071538,  0.99147075,  0.74518138,  0.74938315
 0.0720805526,  0.0738978088,  0.7089831829,  0.99410003,  0.99460077,  0.99089223,  0.99167907,  0.74615413,  0.75041550
 0.0729291067,  0.0754443333,  0.7253063321,  0.99300712,  0.99363446,  0.98921216,  0.99016929,  0.74121845,  0.74541038
 0.0738376603,  0.0748320818,  0.7099377513,  0.99336255,  0.99393350,  0.98938900,  0.99027091,  0.74518138,  0.74946076
 0.0721443146,  0.0749872848,  0.7067645192,  0.99360245,  0.99414581,  0.98987532,  0.99070418,  0.74662250,  0.75088102
 0.0730247572,  0.0756049082,  0.7022958398,  0.99301153,  0.99362224,  0.98907948,  0.99003190,  0.74525344,  0.74966896
 0.0732211024,  0.0741164088,  0.7101178765,  0.99457538,  0.99502605,  0.99115747,  0.99187565,  0.74503732,  0.74920833
 0.0757000595,  0.0746630579,  0.6877347827,  0.99259835,  0.99320203,  0.98881423,  0.98976105,  0.75631374,  0.76091671
 0.0721441284,  0.0741961375,  0.7046606541,  0.99414444,  0.99465555,  0.99075955,  0.99155742,  0.74428070,  0.74856818
 0.0725910217,  0.0766146258,  0.7170202136,  0.99217629,  0.99287552,  0.98797417,  0.98902369,  0.74392045,  0.74817944
 0.0724053755,  0.0741556883,  0.6944304109,  0.99427330,  0.99474168,  0.99106908,  0.99184239,  0.75000900,  0.75434375
 0.0739307180,  0.0774270743,  0.7230827808,  0.99190533,  0.99262947,  0.98744363,  0.98853713,  0.74255145,  0.74678153
 0.0717251748,  0.0747831389,  0.7102735639,  0.99406892,  0.99459022,  0.99053854,  0.99136746,  0.74449688,  0.74869680
 0.0727542788,  0.0749805942,  0.7207596898,  0.99382013,  0.99436975,  0.99014062,  0.99101502,  0.74042583,  0.74463612
 0.0744548216,  0.0768676698,  0.7344748378,  0.99227405,  0.99297178,  0.98815101,  0.98919702,  0.73894876,  0.74310899
 0.0714998022,  0.0745468065,  0.6927962303,  0.99335366,  0.99391365,  0.98969847,  0.99060255,  0.75195444,  0.75640088
 0.0738221481,  0.0763856769,  0.7328683138,  0.99287826,  0.99351865,  0.98899108,  0.98996687,  0.73858845,  0.74273759
 0.0718228444,  0.0740834326,  0.6927202940,  0.99368244,  0.99422765,  0.99000794,  0.99088329,  0.74990094,  0.75436056
 0.0750911459,  0.0744079947,  0.6764942408,  0.99300712,  0.99356729,  0.98925632,  0.99016434,  0.75861943,  0.76325601
 0.0726231337,  0.0752322525,  0.7082051039,  0.99335808,  0.99393898,  0.98969847,  0.99060255,  0.74640632,  0.75067347
 0.0725937411,  0.0759375691,  0.7208958268,  0.99294490,  0.99356759,  0.98890263,  0.98986602,  0.74309182,  0.74729729
 0.0726430044,  0.0747289509,  0.7009056807,  0.99357134,  0.99413103,  0.98969847,  0.99058253,  0.74766725,  0.75200844
 0.0729581416,  0.0753807127,  0.7031973600,  0.99309599,  0.99370682,  0.98934478,  0.99028689,  0.74745107,  0.75176650
 0.0724242479,  0.0753500536,  0.6964244246,  0.99324703,  0.99381423,  0.98969847,  0.99059176,  0.75008106,  0.75450987
 0.0722958446,  0.0783573389,  0.7122824788,  0.99126112,  0.99204111,  0.98686886,  0.98800719,  0.74413663,  0.74848318
 0.0733484253,  0.0741249695,  0.7233693600,  0.99434441,  0.99483782,  0.99102485,  0.99181235,  0.74150664,  0.74564272
 0.0723245963,  0.0744774267,  0.7125300169,  0.99374908,  0.99429280,  0.99009639,  0.99096417,  0.74496526,  0.74920684
 0.0732343644,  0.0747290775,  0.6861246228,  0.99386901,  0.99436611,  0.99045008,  0.99125659,  0.75256693,  0.75704914
 0.0731845126,  0.0758463144,  0.6952636838,  0.99263394,  0.99326026,  0.98881423,  0.98979026,  0.75163025,  0.75607991
 0.0721354038,  0.0763185695,  0.6988023520,  0.99244291,  0.99310440,  0.98837209,  0.98937702,  0.74759519,  0.75207353
 0.0719194785,  0.0725139752,  0.6851768494,  0.99448657,  0.99494338,  0.99133432,  0.99208325,  0.75328743,  0.75777167
 0.0716604292,  0.0736941174,  0.6959873438,  0.99401116,  0.99452490,  0.99062693,  0.99144739,  0.74932450,  0.75370926
 0.0726109669,  0.0756422728,  0.7093728781,  0.99269170,  0.99333555,  0.98877001,  0.98974943,  0.74665850,  0.75097555
 0.0731706694,  0.0749740154,  0.6939310431,  0.99329591,  0.99384785,  0.98965424,  0.99054253,  0.75148612,  0.75594556
 0.0721540004,  0.0749070272,  0.7097041607,  0.99318480,  0.99378663,  0.98943317,  0.99034852,  0.74431676,  0.74862051
 0.0789772421,  0.0784458667,  0.6880105734,  0.98993272,  0.99073362,  0.98532140,  0.98653907,  0.75833124,  0.76301277
 0.0722469240,  0.0740431547,  0.7064419389,  0.99364686,  0.99419981,  0.98974270,  0.99062258,  0.74637026,  0.75070035
 0.0728729740,  0.0761588067,  0.7122585177,  0.99270058,  0.99334425,  0.98877001,  0.98974025,  0.74442482,  0.74868655
 0.0720861778,  0.0755072087,  0.7013861537,  0.99282050,  0.99344599,  0.98894686,  0.98991191,  0.74835175,  0.75273818
 0.0727136582,  0.0763408169,  0.7109140158,  0.99304712,  0.99366534,  0.98921216,  0.99015766,  0.74464101,  0.74885643
 0.0724158138,  0.0733251721,  0.6893658042,  0.99447322,  0.99492460,  0.99111325,  0.99184239,  0.74982888,  0.75428993
 0.0732704177,  0.0767656565,  0.7148588300,  0.99265611,  0.99329358,  0.98850471,  0.98945034,  0.74363226,  0.74785435
 0.0725949481,  0.0757962316,  0.7073267102,  0.99271834,  0.99335039,  0.98885840,  0.98983103,  0.74748713,  0.75182164
 0.0737307221,  0.0785651356,  0.7149633765,  0.99039477,  0.99126542,  0.98554248,  0.98680836,  0.74233526,  0.74675715
 0.0735131651,  0.0791236982,  0.7094966769,  0.99085683,  0.99166727,  0.98638254,  0.98756063,  0.74572182,  0.75009853
 0.0718281791,  0.0749314949,  0.7102116942,  0.99346918,  0.99404621,  0.98969847,  0.99059182,  0.74298376,  0.74729830
 0.0738398805,  0.0766335726,  0.7085764408,  0.99198526,  0.99270135,  0.98757625,  0.98865622,  0.74503732,  0.74943036
 0.0733108744,  0.0758752748,  0.7109056711,  0.99199414,  0.99270988,  0.98766470,  0.98874801,  0.74665850,  0.75104624
 0.0730338320,  0.0737855956,  0.6872496605,  0.99409556,  0.99456906,  0.99071538,  0.99146986,  0.75235075,  0.75682491
 0.0728533939,  0.0740247443,  0.7112194300,  0.99435771,  0.99483037,  0.99089223,  0.99163240,  0.74442482,  0.74861395
 0.0714503527,  0.0741375983,  0.6938238740,  0.99395788,  0.99447852,  0.99049431,  0.99132657,  0.74914438,  0.75352019
 0.0724699721,  0.0735540912,  0.6960222125,  0.99434882,  0.99481893,  0.99115747,  0.99192244,  0.75000900,  0.75434196
 0.0723899156,  0.0744675547,  0.6947380304,  0.99413115,  0.99463123,  0.99075955,  0.99155825,  0.74838781,  0.75273341
 0.0733119100,  0.0739789605,  0.6936824322,  0.99333143,  0.99390692,  0.98974270,  0.99064171,  0.75134200,  0.75581735
 0.0764739513,  0.0760792643,  0.6864031553,  0.99175423,  0.99241561,  0.98784155,  0.98887205,  0.75739455,  0.76200247
 0.0726369694,  0.0752492175,  0.6916423440,  0.99332702,  0.99387324,  0.98969847,  0.99059337,  0.75217062,  0.75662029
 0.0732445568,  0.0729955509,  0.6839473844,  0.99459320,  0.99501163,  0.99142277,  0.99212646,  0.75310731,  0.75759113
 0.0721030012,  0.0747132674,  0.7101177573,  0.99381125,  0.99434745,  0.99018478,  0.99103498,  0.74525344,  0.74948895
 0.0717543364,  0.0759611279,  0.7077564597,  0.99311376,  0.99371970,  0.98934478,  0.99027771,  0.74575782,  0.75002116
