train_loss,test1_loss,test2_loss,train_micro,train_macro,test1_micro,test1_macro,test2_micro,test2_macro
 0.6756709218,  0.6719499826,  0.6709694862,  0.59418625,  0.59456736,  0.58170485,  0.58223015,  0.56450623,  0.56543785
 0.5594373941,  0.4477520883,  0.5280910134,  0.78826314,  0.79076242,  0.77425063,  0.77728075,  0.70623624,  0.70708436
 0.3367062807,  0.3350931406,  0.9010426998,  0.86106199,  0.86344290,  0.85401011,  0.85643619,  0.66444498,  0.66661060
 0.2524754107,  0.2721626461,  0.2856273353,  0.90460092,  0.90360945,  0.90259969,  0.90152699,  0.89073026,  0.89172876
 0.1910845488,  0.1792863309,  0.5699473023,  0.94326615,  0.94374353,  0.93925190,  0.93988281,  0.79342151,  0.79554743
 0.1751582921,  0.1663558185,  0.5989642143,  0.94633609,  0.94680899,  0.94278896,  0.94330972,  0.79536694,  0.79733860
 0.1580351144,  0.1589133888,  0.4012972713,  0.95019239,  0.95046729,  0.94774073,  0.94809902,  0.84367907,  0.84572494
 0.1499397010,  0.1501109004,  0.4228471518,  0.95265812,  0.95294231,  0.95039350,  0.95070672,  0.84238207,  0.84446645
 0.1480849087,  0.1500639766,  0.4952315390,  0.95236933,  0.95264268,  0.95026088,  0.95061380,  0.82195485,  0.82391858
 0.1457601488,  0.1472793818,  0.4238506556,  0.95334673,  0.95361024,  0.95105666,  0.95137668,  0.84490401,  0.84696048
 0.1442685276,  0.1467907578,  0.4635043442,  0.95355999,  0.95384872,  0.95127773,  0.95161498,  0.83204240,  0.83408213
 0.1429843009,  0.1466348320,  0.4824325144,  0.95371103,  0.95400000,  0.95180827,  0.95215660,  0.82793528,  0.82993013
 0.1531633139,  0.1481312066,  0.5503789186,  0.95252484,  0.95280761,  0.95096827,  0.95133507,  0.80970567,  0.81164140
 0.1523977816,  0.1474784017,  0.3798729479,  0.95364881,  0.95399970,  0.95180827,  0.95219898,  0.85870230,  0.86072618
 0.1442240477,  0.1464200169,  0.4303793609,  0.95374215,  0.95400780,  0.95180827,  0.95216322,  0.84306663,  0.84514010
 0.1431553364,  0.1464255452,  0.4132966399,  0.95361328,  0.95388454,  0.95176411,  0.95211059,  0.84778613,  0.84983474
 0.1442428529,  0.1459560841,  0.4272062778,  0.95383543,  0.95411199,  0.95185250,  0.95220065,  0.84375113,  0.84581178
 0.1421059072,  0.1459314823,  0.4670363367,  0.95379543,  0.95406145,  0.95207357,  0.95240921,  0.83193427,  0.83398145
 0.1431113482,  0.1465549022,  0.4932568967,  0.95329785,  0.95355839,  0.95145458,  0.95177788,  0.82390028,  0.82588845
 0.1490352154,  0.1465122849,  0.4324199557,  0.95402646,  0.95431620,  0.95202935,  0.95239979,  0.84263426,  0.84472817
 0.1413014680,  0.1461921781,  0.4878265560,  0.95368439,  0.95395827,  0.95216197,  0.95251375,  0.82645822,  0.82847160
 0.1428437382,  0.1463964581,  0.4647505283,  0.95338225,  0.95364666,  0.95194095,  0.95227420,  0.83168209,  0.83373708
 0.1456591189,  0.1456458718,  0.4681203663,  0.95391542,  0.95418489,  0.95225042,  0.95258570,  0.83218646,  0.83424413
 0.1623091996,  0.1476438940,  0.5214761496,  0.95219606,  0.95246679,  0.95057034,  0.95091224,  0.81604642,  0.81803572
 0.1425007582,  0.1461113691,  0.4354693890,  0.95390654,  0.95418507,  0.95202935,  0.95237559,  0.84202182,  0.84408605
 0.1509710252,  0.1469198465,  0.3908858299,  0.95386207,  0.95420343,  0.95171988,  0.95210344,  0.85556799,  0.85760760
 0.1442215294,  0.1472499520,  0.5121070147,  0.95297796,  0.95323938,  0.95110089,  0.95145398,  0.81903666,  0.82102108
 0.1448591053,  0.1461644769,  0.4372671247,  0.95397758,  0.95425946,  0.95185250,  0.95220411,  0.84112114,  0.84319001
 0.1426252425,  0.1463444978,  0.4207822680,  0.95379102,  0.95406300,  0.95202935,  0.95238572,  0.84566057,  0.84772605
 0.1426610202,  0.1456194669,  0.4821164310,  0.95388430,  0.95416546,  0.95238304,  0.95272624,  0.82782722,  0.82986659
 0.1448653191,  0.1475759745,  0.5287243128,  0.95276916,  0.95304620,  0.95110089,  0.95146507,  0.81420904,  0.81621665
 0.1420927495,  0.1459024400,  0.4294860065,  0.95391095,  0.95418751,  0.95194095,  0.95229203,  0.84299457,  0.84506088
 0.1429311633,  0.1465830952,  0.4616168737,  0.95326674,  0.95352900,  0.95185250,  0.95216948,  0.83265483,  0.83470142
 0.1480778158,  0.1470859200,  0.5161274672,  0.95311570,  0.95337498,  0.95149881,  0.95181203,  0.81964910,  0.82160121
 0.1450368017,  0.1464377940,  0.4232359529,  0.95369327,  0.95395702,  0.95167565,  0.95202285,  0.84501207,  0.84705943
 0.1426934600,  0.1452170163,  0.4816505313,  0.95395535,  0.95424336,  0.95194095,  0.95229638,  0.82829559,  0.83030659
 0.1439761668,  0.1462966502,  0.4550384283,  0.95354664,  0.95380974,  0.95211780,  0.95241171,  0.83517671,  0.83723253
 0.1470537186,  0.1489345133,  0.5071710944,  0.95206720,  0.95233113,  0.95043772,  0.95077580,  0.81910866,  0.82109952
 0.1441115439,  0.1463876665,  0.4251683354,  0.95379990,  0.95407784,  0.95167565,  0.95203030,  0.84490401,  0.84695619
 0.1432892829,  0.1447810084,  0.4630741477,  0.95407975,  0.95436251,  0.95189673,  0.95222235,  0.83312315,  0.83517110
 0.1508892477,  0.1468430012,  0.3932230771,  0.95384431,  0.95418996,  0.95167565,  0.95206571,  0.85524374,  0.85728484
 0.1432481557,  0.1455757469,  0.4436014593,  0.95395535,  0.95422792,  0.95194095,  0.95228124,  0.83935583,  0.84141362
 0.1460087597,  0.1484539360,  0.5332748294,  0.95226270,  0.95252961,  0.95101249,  0.95135492,  0.81366861,  0.81561476
 0.1458743513,  0.1480182856,  0.5064718723,  0.95293355,  0.95318067,  0.95114511,  0.95146143,  0.82080197,  0.82277250
 0.1437429637,  0.1458923966,  0.4362969100,  0.95393318,  0.95421189,  0.95185250,  0.95219767,  0.84166157,  0.84372222
 0.1425366551,  0.1464930624,  0.4761920869,  0.95329338,  0.95355773,  0.95198512,  0.95232671,  0.82937640,  0.83140737
 0.1427738667,  0.1472198367,  0.4717206657,  0.95305794,  0.95330930,  0.95127773,  0.95159864,  0.82869184,  0.83073634
 0.1450498551,  0.1470894068,  0.4971439540,  0.95312905,  0.95338517,  0.95114511,  0.95147890,  0.82224303,  0.82424474
 0.1441120058,  0.1451945007,  0.4704443514,  0.95389318,  0.95417053,  0.95198512,  0.95231813,  0.83139390,  0.83346039
 0.1427619159,  0.1462821364,  0.4392473698,  0.95373768,  0.95400226,  0.95171988,  0.95205063,  0.83986020,  0.84191251
 0.1493702829,  0.1482953131,  0.5371817946,  0.95205390,  0.95233732,  0.95043772,  0.95079738,  0.81226355,  0.81426537
 0.1443519890,  0.1463221908,  0.4889555871,  0.95345777,  0.95372814,  0.95211780,  0.95246780,  0.82573766,  0.82774806
 0.1447312236,  0.1475308686,  0.4975902438,  0.95292020,  0.95316815,  0.95114511,  0.95147365,  0.82289153,  0.82486385
 0.1402943432,  0.1448775679,  0.4598374367,  0.95419526,  0.95448953,  0.95211780,  0.95248729,  0.83380771,  0.83586138
 0.1430057436,  0.1455823779,  0.4574097395,  0.95399094,  0.95426238,  0.95207357,  0.95241380,  0.83488852,  0.83694768
 0.1443625987,  0.1466895640,  0.4881695807,  0.95332450,  0.95358938,  0.95176411,  0.95209444,  0.82584572,  0.82786071
 0.1432450563,  0.1465291530,  0.5120716095,  0.95321786,  0.95348918,  0.95180827,  0.95213771,  0.81939691,  0.82136285
 0.1443697810,  0.1457937211,  0.4875806868,  0.95351112,  0.95378292,  0.95220619,  0.95255244,  0.82552147,  0.82755679
 0.1446456462,  0.1457215250,  0.4419619143,  0.95408422,  0.95436805,  0.95207357,  0.95243168,  0.83968008,  0.84175152
 0.1429522485,  0.1459597647,  0.4398542047,  0.95380431,  0.95407081,  0.95180827,  0.95216227,  0.84014845,  0.84219646
 0.1424781382,  0.1476793289,  0.4924604893,  0.95303571,  0.95328623,  0.95110089,  0.95142907,  0.82393628,  0.82592130
 0.1430855542,  0.1457306892,  0.4311721027,  0.95403093,  0.95432198,  0.95189673,  0.95227474,  0.84324676,  0.84532064
 0.1432651728,  0.1448829174,  0.4433552027,  0.95415974,  0.95444876,  0.95238304,  0.95274931,  0.83881545,  0.84088951
 0.1419780254,  0.1461936682,  0.4372023642,  0.95370215,  0.95397061,  0.95202935,  0.95236623,  0.84130132,  0.84334564
 0.1443099082,  0.1462790966,  0.4997568130,  0.95373327,  0.95400369,  0.95242727,  0.95276588,  0.82354003,  0.82552713
 0.1463307589,  0.1452558786,  0.4240709841,  0.95425749,  0.95456594,  0.95225042,  0.95261931,  0.84573263,  0.84779000
 0.1433407366,  0.1455870569,  0.4796522260,  0.95360440,  0.95387483,  0.95207357,  0.95242900,  0.82775515,  0.82979983
 0.1428952664,  0.1470760703,  0.4678335786,  0.95329785,  0.95355380,  0.95167565,  0.95198780,  0.83124977,  0.83328176
 0.1435416639,  0.1458555311,  0.4717979431,  0.95371991,  0.95398504,  0.95242727,  0.95276707,  0.83045721,  0.83250576
 0.1424257308,  0.1462900490,  0.4589090347,  0.95342225,  0.95369393,  0.95198512,  0.95229506,  0.83333933,  0.83538347
 0.1477372646,  0.1462971419,  0.5017255545,  0.95343113,  0.95370036,  0.95180827,  0.95215893,  0.82307166,  0.82503134
 0.1594082415,  0.1487957835,  0.5474888086,  0.95188951,  0.95216864,  0.95039350,  0.95077837,  0.80966961,  0.81161726
 0.1411430091,  0.1467605680,  0.4611429572,  0.95348889,  0.95375067,  0.95194095,  0.95224905,  0.83308715,  0.83512866
 0.1494701803,  0.1467277110,  0.3910333216,  0.95389760,  0.95424348,  0.95171988,  0.95210922,  0.85520768,  0.85724884
 0.1432029903,  0.1461776346,  0.4992720783,  0.95340002,  0.95366716,  0.95180827,  0.95214671,  0.82249522,  0.82447559
 0.1447817683,  0.1458705962,  0.4416955709,  0.95387983,  0.95414853,  0.95176411,  0.95211834,  0.83968008,  0.84173000
 0.1455319673,  0.1479056180,  0.5321512818,  0.95278251,  0.95305246,  0.95123351,  0.95158017,  0.81446123,  0.81642908
 0.1429640502,  0.1456165463,  0.4324791729,  0.95390654,  0.95417958,  0.95180827,  0.95215899,  0.84198582,  0.84405696
 0.1467247456,  0.1452383250,  0.4785339236,  0.95391542,  0.95419514,  0.95216197,  0.95251739,  0.83002484,  0.83205473
 0.1437316686,  0.1467507035,  0.4559877217,  0.95333338,  0.95359290,  0.95171988,  0.95204109,  0.83431208,  0.83636749
 0.1457923204,  0.1472112089,  0.3973185420,  0.95383096,  0.95409709,  0.95211780,  0.95248449,  0.85319018,  0.85521352
 0.1453657150,  0.1461907476,  0.4347195327,  0.95379990,  0.95407146,  0.95194095,  0.95228970,  0.84137332,  0.84344238
 0.1455934197,  0.1458601356,  0.4257899523,  0.95419973,  0.95449561,  0.95216197,  0.95254040,  0.84443563,  0.84652013
 0.1432027519,  0.1460695863,  0.4216130376,  0.95399982,  0.95427841,  0.95220619,  0.95255882,  0.84515619,  0.84722865
 0.1465508938,  0.1466970146,  0.5149453878,  0.95320010,  0.95346814,  0.95154303,  0.95186931,  0.81896460,  0.82091051
 0.1428382099,  0.1459216177,  0.4409100413,  0.95398206,  0.95425820,  0.95189673,  0.95224339,  0.84022051,  0.84227568
 0.1428104639,  0.1465187073,  0.5268603563,  0.95334226,  0.95362049,  0.95176411,  0.95213300,  0.81694710,  0.81891751
 0.1436145753,  0.1453127265,  0.4595189989,  0.95412862,  0.95441806,  0.95194095,  0.95228404,  0.83413196,  0.83619690
 0.1433721334,  0.1457040757,  0.4438594282,  0.95389760,  0.95416677,  0.95189673,  0.95223343,  0.83895952,  0.84101295
 0.1426803321,  0.1453105509,  0.4470925331,  0.95411086,  0.95439690,  0.95194095,  0.95228356,  0.83798683,  0.84004873
 0.1418363750,  0.1459115595,  0.4409989119,  0.95384431,  0.95410782,  0.95163143,  0.95198220,  0.83968008,  0.84172571
 0.1420098245,  0.1455011964,  0.4484289289,  0.95391983,  0.95418620,  0.95180827,  0.95214534,  0.83755451,  0.83960116
 0.1557329595,  0.1484185606,  0.5332908630,  0.95193392,  0.95221514,  0.95021665,  0.95059222,  0.81233561,  0.81436312
 0.1424485594,  0.1465039551,  0.4245282710,  0.95368439,  0.95395058,  0.95194095,  0.95228100,  0.84472388,  0.84675413
 0.1590313613,  0.1478495747,  0.5436599255,  0.95254260,  0.95281601,  0.95096827,  0.95132381,  0.81132686,  0.81330442
 0.1430291235,  0.1476622820,  0.4624391496,  0.95307130,  0.95331347,  0.95141035,  0.95170617,  0.83229458,  0.83431911
 0.1422717869,  0.1459924281,  0.4353099465,  0.95372432,  0.95399278,  0.95185250,  0.95218641,  0.84076089,  0.84283870
 0.1430583745,  0.1469885558,  0.4763546288,  0.95327562,  0.95353526,  0.95163143,  0.95195323,  0.82890803,  0.83092469
 0.1417451650,  0.1462666392,  0.4458521307,  0.95367104,  0.95393586,  0.95171988,  0.95206100,  0.83841914,  0.84046501
 0.1472653598,  0.1483115852,  0.5478696227,  0.95237374,  0.95265764,  0.95087981,  0.95126253,  0.80992180,  0.81187963
